{"error":"Ошибка обновления сметы"}